pdfkit
python3-env
python3.13-venv
pkg-config 
libncursesw5-dev 
libfaad-dev 
libao-dev 
libasound2-dev 
libcddb2-dev 
libcdio-cdda-dev 
libdiscid-dev 
libavformat-dev 
libavcodec-dev 
libswresample-dev libflac-dev 
libjack-dev 
libmad0-dev 
libmodplug-dev 
libmpcdec-dev 
libsystemd-dev 
libopusfile-dev 
libpulse-dev 
libsamplerate0-dev 
libsndio-dev 
libvorbis-dev 
libwavpack-dev
git
curl
build-essential
libssl-dev
libreadline-dev
zlib1g-dev
libyaml-dev
libffi-dev
libgdbm-dev
libncurses5-dev
libncursesw5-dev
autoconf
bison
libssl-dev
rzip
zip
gzip
p7zip
wzip
qzip
libheif-examples
exiftool
ffmpeg
imagemagick
qpdf
libjpeg-turbo-progs
exiftool
ffmpeg
imagemagick
qpdf
libheif1
libimage-exiftool-perl
exiftool
libheif1
poppler-utils
build-essential
libssl-dev
libreadline-dev
zlib1g-dev
libyaml-dev
libffi-dev
libgdbm-dev
libncurses5-dev
libncursesw5-dev
libdb-dev
uuid-dev
wget
file
imagemagick
ffmpeg
poppler-utils
caffeine
python3-pil
audacious
vlc
mpv
aptitude
wget
img2pdf
mystiq
git
curl
john
hashcat
pdftk
libreoffice
python3-pip
autoconf
bison
build-essential
ca-certificates
curl
git
libdb-dev
libffi-dev
libgdbm-compat-dev
libgdbm-dev
libgtk-3-dev
libncurses5-dev
libncursesw5-dev
libpq-dev
libreadline-dev
libsqlite3-dev
libssl-dev
libxml2-dev
libxslt1-dev
libyaml-dev
lftp
patch
pdftk
pkg-config
python3-dev
python3-pip
python3.13-venv
rsync
sqlite3
tar
uuid-dev
wget
xz-utils
zlib1g-dev
